[root@zabbix ~]# mysql
mysql> show databases;
+--------------------+
| Database           |
+--------------------+
| information_schema |
| mysql              |
| performance_schema |
| test               |
| zabbix             |
+--------------------+
5 rows in set (0.09 sec)

mysql> use zabbix;
Database changed
mysql> show tables;
+----------------------------+
| Tables_in_zabbix           |
+----------------------------+
| acknowledges               |
| actions                    |
| alerts                     |
| application_discovery      |
| application_prototype      |
| application_template       |
| applications               |
| auditlog                   |
| auditlog_details           |
| autoreg_host               |
| conditions                 |
| config                     |
| dbversion                  |
| dchecks                    |
| dhosts                     |
| drules                     |
| dservices                  |
| escalations                |
| events                     |
| expressions                |
| functions                  |
| globalmacro                |
| globalvars                 |
| graph_discovery            |
| graph_theme                |
| graphs                     |
| graphs_items               |
| group_discovery            |
| group_prototype            |
| groups                     |
| history                    |
| history_log                |
| history_str                |
| history_text               |
| history_uint               |
| host_discovery             |
| host_inventory             |
| hostmacro                  |
| hosts                      |
| hosts_groups               |
| hosts_templates            |
| housekeeper                |
| httpstep                   |
| httpstepitem               |
| httptest                   |
| httptestitem               |
| icon_map                   |
| icon_mapping               |
| ids                        |
| images                     |
| interface                  |
| interface_discovery        |
| item_application_prototype |
| item_condition             |
| item_discovery             |
| items                      |
| items_applications         |
| maintenances               |
| maintenances_groups        |
| maintenances_hosts         |
| maintenances_windows       |
| mappings                   |
| media                      |
| media_type                 |
| opcommand                  |
| opcommand_grp              |
| opcommand_hst              |
| opconditions               |
| operations                 |
| opgroup                    |
| opinventory                |
| opmessage                  |
| opmessage_grp              |
| opmessage_usr              |
| optemplate                 |
| profiles                   |
| proxy_autoreg_host         |
| proxy_dhistory             |
| proxy_history              |
| regexps                    |
| rights                     |
| screen_user                |
| screen_usrgrp              |
| screens                    |
| screens_items              |
| scripts                    |
| service_alarms             |
| services                   |
| services_links             |
| services_times             |
| sessions                   |
| slides                     |
| slideshow_user             |
| slideshow_usrgrp           |
| slideshows                 |
| sysmap_element_url         |
| sysmap_url                 |
| sysmap_user                |
| sysmap_usrgrp              |
| sysmaps                    |
| sysmaps_elements           |
| sysmaps_link_triggers      |
| sysmaps_links              |
| timeperiods                |
| trends                     |
| trends_uint                |
| trigger_depends            |
| trigger_discovery          |
| triggers                   |
| users                      |
| users_groups               |
| usrgrp                     |
| valuemaps                  |
+----------------------------+
113 rows in set (0.00 sec)

mysql> select * from users;
+--------+-------+--------+---------------+----------------------------------+-----+-----------+------------+-------+---------+------+---------+----------------+------------+---------------+---------------+
| userid | alias | name   | surname       | passwd                           | url | autologin | autologout | lang  | refresh | type | theme   | attempt_failed | attempt_ip | attempt_clock | rows_per_page |
+--------+-------+--------+---------------+----------------------------------+-----+-----------+------------+-------+---------+------+---------+----------------+------------+---------------+---------------+
|      1 | Admin | Zabbix | Administrator | 5fce1b3e34b520afeffb37ce08c7cd66 |     |         1 |          0 | zh_CN |      30 |    3 | default |              0 |            |             0 |            50 |
|      2 | guest |        |               | d41d8cd98f00b204e9800998ecf8427e |     |         0 |        900 | en_GB |      30 |    1 | default |              0 |            |             0 |            50 |
+--------+-------+--------+---------------+----------------------------------+-----+-----------+------------+-------+---------+------+---------+----------------+------------+---------------+---------------+
2 rows in set (0.00 sec)

mysql> select userid,passwd from users;
+--------+----------------------------------+
| userid | passwd                           |
+--------+----------------------------------+
|      1 | 5fce1b3e34b520afeffb37ce08c7cd66 |
|      2 | d41d8cd98f00b204e9800998ecf8427e |
+--------+----------------------------------+
2 rows in set (0.00 sec)

[root@zabbix ~]# echo -n 123456|openssl md5
(stdin)= e10adc3949ba59abbe56e057f20f883e
mysql> 
mysql> update users set passwd='e10adc3949ba59abbe56e057f20f883e' where userid = '1';
Query OK, 1 row affected (0.01 sec)
Rows matched: 1  Changed: 1  Warnings: 0


